; ModuleID = 'test/code_samples/test1.bpl'
source_filename = "test/code_samples/test1.bpl"
target datalayout = "e-m:e-p270:32:32-p271:32:32-p272:64:64-i64:64-i128:128-f80:128-n8:16:32:64-S128"
target triple = "x86_64-unknown-linux-gnu"

@glob_var = global i8 poison

define i8 @main(i8 %b) {
declarations_block:
  %b1 = alloca i8, align 1
  store i8 poison, ptr %b1, align 1
  %a = alloca i8, align 1
  store i8 poison, ptr %a, align 1
  %if_result = alloca i8, align 1
  store i8 poison, ptr %if_result, align 1
  br label %entry

entry:                                            ; preds = %declarations_block
  store i8 %b, ptr %b1, align 1
  br label %block_lifetimes_start

block_lifetimes_start:                            ; preds = %entry
  call void @llvm.lifetime.start.p0(i64 8, ptr %a)
  br label %block_entry

block_entry:                                      ; preds = %block_lifetimes_start
  store i8 3, ptr %a, align 1
  %a_loadtmp = load i8, ptr %a, align 1
  %multmp = mul i8 %a_loadtmp, 63
  %calltmp = call i8 @add1(i8 %multmp)
  store i8 %calltmp, ptr %b1, align 1
  br i1 true, label %cond_true, label %cond_false

cond_true:                                        ; preds = %block_entry
  br label %block_lifetimes_start2

block_lifetimes_start2:                           ; preds = %cond_true
  br label %block_entry3

block_entry3:                                     ; preds = %block_lifetimes_start2
  br label %block_lifetimes_end

block_lifetimes_end:                              ; preds = %block_entry3
  store i8 0, ptr %if_result, align 1
  br label %post_if

cond_false:                                       ; preds = %block_entry
  br label %block_lifetimes_start4

block_lifetimes_start4:                           ; preds = %cond_false
  br label %block_entry5

block_entry5:                                     ; preds = %block_lifetimes_start4
  %a_loadtmp6 = load i8, ptr %a, align 1
  %negtmp = sub i8 0, %a_loadtmp6
  br label %block_lifetimes_end7

block_lifetimes_end7:                             ; preds = %block_entry5
  store i8 %negtmp, ptr %if_result, align 1
  br label %post_if

post_if:                                          ; preds = %block_lifetimes_end7, %block_lifetimes_end
  %if_result.loadtmp = load i8, ptr %if_result, align 1
  br label %cond_block

cond_block:                                       ; preds = %block_lifetimes_end12, %post_if
  %b_loadtmp = load i8, ptr %b1, align 1
  %condtmp = icmp ne i8 %b_loadtmp, 0
  br i1 %condtmp, label %loop_body, label %post_while

loop_body:                                        ; preds = %cond_block
  br label %block_lifetimes_start8

block_lifetimes_start8:                           ; preds = %loop_body
  br label %block_entry9

block_entry9:                                     ; preds = %block_lifetimes_start8
  %b_loadtmp10 = load i8, ptr %b1, align 1
  %calltmp11 = call i8 @print(i8 %b_loadtmp10)
  br label %block_lifetimes_end12

block_lifetimes_end12:                            ; preds = %block_entry9
  br label %cond_block

post_while:                                       ; preds = %cond_block
  %a_loadtmp13 = load i8, ptr %a, align 1
  %calltmp14 = call i8 @print(i8 %a_loadtmp13)
  ret i8 105
  br label %block_lifetimes_end15

block_lifetimes_end15:                            ; preds = %post_while
  call void @llvm.lifetime.end.p0(i64 8, ptr %a)
  ret i8 0
}

define i8 @add1(i8 %x) {
declarations_block:
  %x1 = alloca i8, align 1
  store i8 poison, ptr %x1, align 1
  br label %entry

entry:                                            ; preds = %declarations_block
  store i8 %x, ptr %x1, align 1
  br label %block_lifetimes_start

block_lifetimes_start:                            ; preds = %entry
  br label %block_entry

block_entry:                                      ; preds = %block_lifetimes_start
  %x_loadtmp = load i8, ptr %x1, align 1
  %addtmp = add i8 %x_loadtmp, 1
  ret i8 %addtmp
  br label %block_lifetimes_end

block_lifetimes_end:                              ; preds = %block_entry
  ret i8 0
}

; Function Attrs: nocallback nofree nosync nounwind willreturn memory(argmem: readwrite)
declare void @llvm.lifetime.start.p0(i64 immarg, ptr nocapture) #0

declare i8 @print(i8)

; Function Attrs: nocallback nofree nosync nounwind willreturn memory(argmem: readwrite)
declare void @llvm.lifetime.end.p0(i64 immarg, ptr nocapture) #0

attributes #0 = { nocallback nofree nosync nounwind willreturn memory(argmem: readwrite) }
